// Jest Snapshot v1, https://goo.gl/fbAQLP

exports[`renders correctly 1`] = `
<div
  className="image-container"
>
  <li>
    <h2 />
    <p />
    <img />
  </li>
</div>
`;
