// Jest Snapshot v1, https://goo.gl/fbAQLP

exports[`renders correctly 1`] = `
<header>
  <img
    alt=""
    src=""
  />
  <h1>
    Horned Beasts
  </h1>
</header>
`;
